2023-02-10 22:05:45.438 [main]- Entering method: goToURL
2023-02-10 22:05:51.914 [main]- Exit method
2023-02-10 22:05:51.914 [main]- Entering method: searchForVideo
2023-02-10 22:05:53.113 [main]- send text: I Will Survive - Alien song to [[ChromeDriver: chrome on WINDOWS (1a57b4b92ff9cd9c203c941eb934c0f3)] -> css selector: input#search]
2023-02-10 22:05:55.804 [main]- submit [[ChromeDriver: chrome on WINDOWS (1a57b4b92ff9cd9c203c941eb934c0f3)] -> css selector: input#search]
2023-02-10 22:05:56.073 [main]- Exit method
2023-02-10 22:05:56.073 [main]- Entering method: sortListResultsBy
2023-02-10 22:05:56.074 [main]- Entering method: openFilterContainer
2023-02-10 22:06:00.697 [main]- click on [[ChromeDriver: chrome on WINDOWS (1a57b4b92ff9cd9c203c941eb934c0f3)] -> css selector: #filter-menu  button]
2023-02-10 22:06:01.427 [main]- Exit method
2023-02-10 22:06:01.427 [main]- Entering method: sortBy-Video
2023-02-10 22:06:01.895 [main]- click on [[ChromeDriver: chrome on WINDOWS (1a57b4b92ff9cd9c203c941eb934c0f3)] -> css selector: [title='Search for Video'] > :first-child]
2023-02-10 22:06:05.838 [main]- Exit method
2023-02-10 22:06:05.838 [main]- Exit method
2023-02-10 22:06:05.839 [main]- Entering method: sortListResultsBy
2023-02-10 22:06:05.839 [main]- Entering method: openFilterContainer
2023-02-10 22:06:05.939 [main]- click on [[ChromeDriver: chrome on WINDOWS (1a57b4b92ff9cd9c203c941eb934c0f3)] -> css selector: #filter-menu  button]
2023-02-10 22:06:06.061 [main]- Exit method
2023-02-10 22:06:06.062 [main]- Entering method: sortBy-Count
2023-02-10 22:06:06.412 [main]- click on [[ChromeDriver: chrome on WINDOWS (1a57b4b92ff9cd9c203c941eb934c0f3)] -> css selector: [title='Sort by view count'] > :first-child]
2023-02-10 22:06:10.121 [main]- Exit method
2023-02-10 22:06:10.122 [main]- Exit method
2023-02-10 22:06:10.122 [main]- Entering method: sortListResultsBy
2023-02-10 22:06:10.123 [main]- Entering method: openFilterContainer
2023-02-10 22:06:10.197 [main]- click on [[ChromeDriver: chrome on WINDOWS (1a57b4b92ff9cd9c203c941eb934c0f3)] -> css selector: #filter-menu  button]
2023-02-10 22:06:10.263 [main]- Exit method
2023-02-10 22:06:10.263 [main]- Entering method: sortBy-Relevance
2023-02-10 22:06:10.634 [main]- click on [[ChromeDriver: chrome on WINDOWS (1a57b4b92ff9cd9c203c941eb934c0f3)] -> css selector: [title='Sort by relevance'] > :first-child]
2023-02-10 22:06:14.334 [main]- Exit method
2023-02-10 22:06:14.334 [main]- Exit method
2023-02-10 22:06:14.335 [main]- Entering method: getChannelNameById-ybXrrTX3LuI
2023-02-10 22:06:14.407 [main]- get text from [[ChromeDriver: chrome on WINDOWS (1a57b4b92ff9cd9c203c941eb934c0f3)] -> css selector: #dismissible:has(a[href*='ybXrrTX3LuI']) #channel-info #text]
2023-02-10 22:06:14.438 [main]- Channel name = nikki7993
2023-02-10 22:06:14.439 [main]- Exit method
2023-02-10 22:06:14.917 [main]- Entering method: playVideoById
2023-02-10 22:06:14.974 [main]- click on [[ChromeDriver: chrome on WINDOWS (1a57b4b92ff9cd9c203c941eb934c0f3)] -> xpath: (//*[@id='video-title'][contains(@href, 'ybXrrTX3LuI')])[1]]
2023-02-10 22:06:15.111 [main]- Exit method
2023-02-10 22:06:15.410 [main]- Entering method: getVideoDescriptions
2023-02-10 22:06:17.852 [main]- click on [[ChromeDriver: chrome on WINDOWS (1a57b4b92ff9cd9c203c941eb934c0f3)] -> css selector: #description #expand]
2023-02-10 22:06:18.396 [main]- get text from [[ChromeDriver: chrome on WINDOWS (1a57b4b92ff9cd9c203c941eb934c0f3)] -> xpath: //*[@id='description-inner']//*[text()='ARTIST']/..//*[@href]]
2023-02-10 22:06:18.530 [main]- Artist Name: Gloria Gaynor
2023-02-10 22:06:18.531 [main]- Exit method
2023-02-10 22:06:18.535 [main]- Entering method: goToURL
2023-02-10 22:06:20.627 [main]- Exit method
2023-02-10 22:06:20.627 [main]- Entering method: searchForVideo
2023-02-10 22:06:22.309 [main]- send text: W h i t n e y H o u s t o n Greatest Hits ~ Best Songs Of 80s Old Music Hits Collection to [[ChromeDriver: chrome on WINDOWS (1a57b4b92ff9cd9c203c941eb934c0f3)] -> css selector: input#search]
2023-02-10 22:06:22.979 [main]- submit [[ChromeDriver: chrome on WINDOWS (1a57b4b92ff9cd9c203c941eb934c0f3)] -> css selector: input#search]
2023-02-10 22:06:23.341 [main]- Exit method
2023-02-10 22:06:23.342 [main]- Entering method: sortListResultsBy
2023-02-10 22:06:23.342 [main]- Entering method: openFilterContainer
2023-02-10 22:06:25.270 [main]- click on [[ChromeDriver: chrome on WINDOWS (1a57b4b92ff9cd9c203c941eb934c0f3)] -> css selector: #filter-menu  button]
2023-02-10 22:06:25.643 [main]- Exit method
2023-02-10 22:06:25.645 [main]- Entering method: sortBy-Video
2023-02-10 22:06:26.023 [main]- click on [[ChromeDriver: chrome on WINDOWS (1a57b4b92ff9cd9c203c941eb934c0f3)] -> css selector: [title='Search for Video'] > :first-child]
2023-02-10 22:06:30.300 [main]- Exit method
2023-02-10 22:06:30.300 [main]- Exit method
2023-02-10 22:06:30.300 [main]- Entering method: sortListResultsBy
2023-02-10 22:06:30.301 [main]- Entering method: openFilterContainer
2023-02-10 22:06:30.387 [main]- click on [[ChromeDriver: chrome on WINDOWS (1a57b4b92ff9cd9c203c941eb934c0f3)] -> css selector: #filter-menu  button]
2023-02-10 22:06:30.454 [main]- Exit method
2023-02-10 22:06:30.455 [main]- Entering method: sortBy-Count
2023-02-10 22:06:30.796 [main]- click on [[ChromeDriver: chrome on WINDOWS (1a57b4b92ff9cd9c203c941eb934c0f3)] -> css selector: [title='Sort by view count'] > :first-child]
2023-02-10 22:06:35.055 [main]- Exit method
2023-02-10 22:06:35.055 [main]- Exit method
2023-02-10 22:06:35.056 [main]- Entering method: sortListResultsBy
2023-02-10 22:06:35.057 [main]- Entering method: openFilterContainer
2023-02-10 22:06:35.164 [main]- click on [[ChromeDriver: chrome on WINDOWS (1a57b4b92ff9cd9c203c941eb934c0f3)] -> css selector: #filter-menu  button]
2023-02-10 22:06:35.246 [main]- Exit method
2023-02-10 22:06:35.247 [main]- Entering method: sortBy-Relevance
2023-02-10 22:06:35.607 [main]- click on [[ChromeDriver: chrome on WINDOWS (1a57b4b92ff9cd9c203c941eb934c0f3)] -> css selector: [title='Sort by relevance'] > :first-child]
2023-02-10 22:06:39.933 [main]- Exit method
2023-02-10 22:06:39.933 [main]- Exit method
2023-02-10 22:06:39.934 [main]- Entering method: getChannelNameById-NM3tVWpiZ7Y
2023-02-10 22:06:39.987 [main]- get text from [[ChromeDriver: chrome on WINDOWS (1a57b4b92ff9cd9c203c941eb934c0f3)] -> css selector: #dismissible:has(a[href*='NM3tVWpiZ7Y']) #channel-info #text]
2023-02-10 22:06:40.006 [main]- Channel name = Chansons Françaises
2023-02-10 22:06:40.007 [main]- Exit method
2023-02-10 22:06:40.007 [main]- Entering method: playVideoById
2023-02-10 22:06:40.062 [main]- click on [[ChromeDriver: chrome on WINDOWS (1a57b4b92ff9cd9c203c941eb934c0f3)] -> xpath: (//*[@id='video-title'][contains(@href, 'NM3tVWpiZ7Y')])[1]]
2023-02-10 22:06:40.188 [main]- Exit method
2023-02-10 22:06:40.206 [main]- Entering method: getVideoDescriptions
2023-02-10 22:06:42.539 [main]- click on [[ChromeDriver: chrome on WINDOWS (1a57b4b92ff9cd9c203c941eb934c0f3)] -> css selector: #description #expand]
2023-02-10 22:06:43.112 [main]- get text from [[ChromeDriver: chrome on WINDOWS (1a57b4b92ff9cd9c203c941eb934c0f3)] -> xpath: //*[@id='description-inner']//*[text()='ARTIST']/..//*[@href]]
2023-02-10 22:06:43.197 [main]- Artist Name: Whitney Houston
2023-02-10 22:06:43.197 [main]- Exit method
